Loading weights:   0%|          | 0/199 [00:00<?, ?it/s]Loading weights:   5%|▌         | 10/199 [00:00<00:02, 79.69it/s]Loading weights:  11%|█         | 22/199 [00:00<00:01, 93.50it/s]Loading weights:  18%|█▊        | 35/199 [00:00<00:01, 93.06it/s]Loading weights:  28%|██▊       | 55/199 [00:00<00:01, 116.34it/s]Loading weights:  35%|███▍      | 69/199 [00:00<00:01, 115.98it/s]Loading weights:  41%|████      | 81/199 [00:00<00:01, 97.95it/s] Loading weights:  46%|████▌     | 92/199 [00:00<00:01, 89.67it/s]Loading weights:  51%|█████▏    | 102/199 [00:01<00:01, 80.14it/s]Loading weights:  56%|█████▌    | 111/199 [00:01<00:01, 76.14it/s]Loading weights: 100%|██████████| 199/199 [00:01<00:00, 156.88it/s]

مدل: intfloat/multilingual-e5-base   (device=cuda)
بازیابی روی 162 سند:  R@1=0.579  R@5=0.789  MRR@10=0.674
شباهت:  مثبت=0.937  منفی=0.812  فاصله=0.125  دقت جفتی=1.000

سؤال‌هایی که رتبهٔ اول نشدند:
  [2] چرا مستر باتل کشته شد؟  → آمد: sum_p1، درست: sum_p0
  [6] ماجرا در کجا شروع می‌شود؟  → آمد: ep01_s036، درست: sum_p0
  [5] کوتلاس از کجا فهمید جک آدم‌کش است؟  → آمد: sum_p3، درست: sum_p1
  [2] جک چه نقشه‌ای برای مل داشت؟  → آمد: sum_p1، درست: sum_p3
  [>10] نقطه ضعف خون‌آشام‌ها چیست؟  → آمد: ep05_s018، درست: sum_p3
  [8] آخر داستان چه شد؟  → آمد: ep01_s011، درست: sum_p4
  [>10] چه کسی دختر را نجات داد؟  → آمد: ep08_s022، درست: sum_p4
  [>10] مجری سیرک هنرمندان برنامه را معرفی می‌کند  → آمد: ep01_s015، درست: ep01_s002
  [9] ساختمان‌ساز می‌خواهد سیرک را نابود کند  → آمد: ep01_s015، درست: ep01_s042
  [>10] خائن پول خیانتش را گرفت  → آمد: ep09_s004، درست: ep05_s028
  [2] کشتی من گنج من است و آزادی خدای من  → آمد: ep05_s039، درست: ep05_s019
  [4] مرد ثروتمند از زن خواستگاری کرد  → آمد: ep08_s015، درست: ep08_s016
  [2] شرط‌بندی روی مسابقه و باختن پول  → آمد: ep09_s027، درست: ep09_s002
  [4] مرد پولدار حسادت می‌کند چون مل کوتلاس را دوست دارد  → آمد: ep09_s019، درست: ep09_s017
  [>10] یا مسابقه را ببازی یا بچه را می‌کشیم  → آمد: ep09_s010، درست: ep09_s022
  [2] حریف با یک ضربه کوتلاس را زمین زد  → آمد: ep09_s006، درست: ep09_s030
EXIT 0
